../Core/Src/main.c:133:24:be16	1
../Core/Src/main.c:137:24:be32	1
../Core/Src/main.c:143:13:ams_update_v_celda_min	2
../Core/Src/main.c:315:5:main	30
../Core/Src/main.c:881:6:SystemClock_Config	4
../Core/Src/main.c:939:6:PeriphCommonClock_Config	2
../Core/Src/main.c:967:13:MX_ADC1_Init	6
../Core/Src/main.c:1054:13:MX_ADC2_Init	3
../Core/Src/main.c:1114:13:MX_FDCAN1_Init	3
../Core/Src/main.c:1177:13:MX_FDCAN2_Init	3
../Core/Src/main.c:1240:13:MX_FDCAN3_Init	3
../Core/Src/main.c:1304:13:MX_SDMMC1_SD_Init	1
../Core/Src/main.c:1331:13:MX_SPI1_Init	2
../Core/Src/main.c:1379:13:MX_TIM1_Init	8
../Core/Src/main.c:1463:13:MX_TIM16_Init	2
../Core/Src/main.c:1495:13:MX_USART1_UART_Init	5
../Core/Src/main.c:1543:13:MX_USART2_UART_Init	5
../Core/Src/main.c:1589:13:MX_DMA_Init	1
../Core/Src/main.c:1607:13:MX_GPIO_Init	1
../Core/Src/main.c:1684:6:print	1
../Core/Src/main.c:1691:6:printValue	1
../Core/Src/main.c:1698:6:printHex	1
../Core/Src/main.c:1705:6:HAL_ADC_ConvCpltCallback	1
../Core/Src/main.c:1712:6:ADC2_Select_FR	2
../Core/Src/main.c:1727:6:ADC2_Select_Brake	2
../Core/Src/main.c:1742:6:ADC2_Select_FL	2
../Core/Src/main.c:1757:6:ADC2_Select_RL	2
../Core/Src/main.c:1772:6:ADC2_Select_RR	2
../Core/Src/main.c:1787:6:HAL_FDCAN_RxFifo0Callback	49
../Core/Src/main.c:1994:6:HAL_FDCAN_ErrorStatusCallback	1
../Core/Src/main.c:2014:10:setTorque	18
../Core/Src/main.c:2179:6:HAL_TIM_PeriodElapsedCallback	14
../Core/Src/main.c:2464:13:tel_build_packet	5
../Core/Src/main.c:2526:13:tel_send_now	5
../Core/Src/main.c:2556:13:gpio_dump_once	1
../Core/Src/main.c:2570:13:nrf24_diag_once	1
../Core/Src/main.c:2584:16:nrf24_write_readback	1
../Core/Src/main.c:2593:13:nrf24_tx_smoke_once	3
../Core/Src/main.c:2608:13:print_early	2
../Core/Src/main.c:2615:13:dump_reset_cause	5
../Core/Src/main.c:2630:13:heartbeat_pin_init	1
../Core/Src/main.c:2639:13:heartbeat_tick	2
../Core/Src/main.c:2648:13:nrf24_flush_tx	1
../Core/Src/main.c:2658:16:nrf24_tx32	4
../Core/Src/main.c:2697:13:ams_dump_status	2
../Core/Src/main.c:2903:6:Error_Handler	1
