../Core/Src/main.c:148:24:be16	1
../Core/Src/main.c:152:24:be32	1
../Core/Src/main.c:158:13:ams_update_v_celda_min	2
../Core/Src/main.c:332:5:main	34
../Core/Src/main.c:944:6:SystemClock_Config	4
../Core/Src/main.c:1002:6:PeriphCommonClock_Config	2
../Core/Src/main.c:1030:13:MX_ADC1_Init	6
../Core/Src/main.c:1117:13:MX_ADC2_Init	3
../Core/Src/main.c:1177:13:MX_FDCAN1_Init	3
../Core/Src/main.c:1240:13:MX_FDCAN2_Init	3
../Core/Src/main.c:1303:13:MX_FDCAN3_Init	3
../Core/Src/main.c:1367:13:MX_SDMMC1_SD_Init	1
../Core/Src/main.c:1394:13:MX_SPI1_Init	2
../Core/Src/main.c:1442:13:MX_TIM1_Init	8
../Core/Src/main.c:1526:13:MX_TIM16_Init	2
../Core/Src/main.c:1558:13:MX_USART1_UART_Init	5
../Core/Src/main.c:1606:13:MX_USART2_UART_Init	5
../Core/Src/main.c:1652:13:MX_DMA_Init	1
../Core/Src/main.c:1670:13:MX_GPIO_Init	1
../Core/Src/main.c:1747:6:print	1
../Core/Src/main.c:1754:6:printValue	1
../Core/Src/main.c:1761:6:printHex	1
../Core/Src/main.c:1768:6:HAL_ADC_ConvCpltCallback	1
../Core/Src/main.c:1775:6:ADC2_Select_FR	2
../Core/Src/main.c:1790:6:ADC2_Select_Brake	2
../Core/Src/main.c:1805:6:ADC2_Select_FL	2
../Core/Src/main.c:1820:6:ADC2_Select_RL	2
../Core/Src/main.c:1835:6:ADC2_Select_RR	2
../Core/Src/main.c:1850:6:HAL_FDCAN_RxFifo0Callback	49
../Core/Src/main.c:2057:6:HAL_FDCAN_ErrorStatusCallback	1
../Core/Src/main.c:2077:10:setTorque	18
../Core/Src/main.c:2242:6:HAL_TIM_PeriodElapsedCallback	15
../Core/Src/main.c:2532:13:tel_build_packet	5
../Core/Src/main.c:2594:13:tel_send_now	5
../Core/Src/main.c:2623:13:tel_send_ams_all_temps	6
../Core/Src/main.c:2657:13:ams_generate_dummy_data	4
../Core/Src/main.c:2687:13:gpio_dump_once	1
../Core/Src/main.c:2701:13:nrf24_diag_once	1
../Core/Src/main.c:2715:16:nrf24_write_readback	1
../Core/Src/main.c:2724:13:nrf24_tx_smoke_once	3
../Core/Src/main.c:2739:13:print_early	2
../Core/Src/main.c:2746:13:dump_reset_cause	5
../Core/Src/main.c:2761:13:heartbeat_pin_init	1
../Core/Src/main.c:2770:13:heartbeat_tick	2
../Core/Src/main.c:2779:13:nrf24_flush_tx	1
../Core/Src/main.c:2789:16:nrf24_tx32	4
../Core/Src/main.c:2824:13:ams_dump_status	2
../Core/Src/main.c:3030:6:Error_Handler	1
